// Jest Snapshot v1, https://goo.gl/fbAQLP

exports[`python snapshot 1`] = `
" \`grant_read\` <a name=\\"grant_read\\"></a>

\`\`\`python
import aws_cdk.aws_ecr

aws_cdk.aws_ecr.AuthorizationToken.grant_read(grantee: aws_cdk.aws_iam.IGrantable)
\`\`\`

# \`grantee\`<sup>Required</sup> <a name=\\"grantee\\"></a>

- *Type:* [\`aws_cdk.aws_iam.IGrantable\`](#@aws-cdk/aws-iam.IGrantable)

---
"
`;
